found 1 solution(s) (there are no other solutions):

 -- -- 
|1 |9 |
 -- -- 
|8 |4 |
 -- -- 
