found 1 solution(s) (there are no other solutions):

 -- -- 
|L |I |
 -- -- 
|M |A |
 -- -- 
