found 1 solution(s) (there are no other solutions):

 -- -- -- 
|L |O |N |
 -- -- -- 
|D |I |N |
 -- -- -- 
|I |U |M |
 -- -- -- 
