found 1 solution(s) (there are no other solutions):

 -- -- -- -- 
|K |U |A |L |
 -- -- -- -- 
|A |  |L |U |
 -- -- -- -- 
|M |P |U |R |
 -- -- -- -- 
