found 1 solution(s) (there are no other solutions):

 -- -- -- -- 
|N |E |W |  |
 -- -- -- -- 
|Y |O |R |K |
 -- -- -- -- 
