found 1 solution(s) (there are no other solutions):

 -- -- -- 
|  |C |O |
 -- -- -- 
|P |E |N |
 -- -- -- 
|H |A |G |
 -- -- -- 
|E |N |  |
 -- -- -- 
