found 1 solution(s) (there are no other solutions):

 -- -- -- 
|P |U |L |
 -- -- -- 
|P |  |F |
 -- -- -- 
|I |C |T |
 -- -- -- 
|I |O |N |
 -- -- -- 
