found 1 solution(s) (there are no other solutions):

 -- -- -- 
|F |R |O |
 -- -- -- 
|M |  |R |
 -- -- -- 
|U |S |S |
 -- -- -- 
|I |A |  |
 -- -- -- 
|W |I |T |
 -- -- -- 
|H |  |L |
 -- -- -- 
|O |V |E |
 -- -- -- 
