found 1 solution(s) (there are no other solutions):

 -- -- -- 
|A |- |T |
 -- -- -- 
|E |A |M |
 -- -- -- 
