found 1 solution(s) (there are no other solutions):

 -- -- -- 
|N |O |S |
 -- -- -- 
|F |E |R |
 -- -- -- 
|A |T |U |
 -- -- -- 
