found 1 solution(s) (there are no other solutions):

 -- -- -- -- -- 
|A |N |S |W |E |
 -- -- -- -- -- 
|R |T |H |E |G |
 -- -- -- -- -- 
|R |E |A |T |Q |
 -- -- -- -- -- 
|U |E |S |T |I |
 -- -- -- -- -- 
|O |N |N |O |W |
 -- -- -- -- -- 
