found 1 solution(s) (there are no other solutions):

 -- -- -- -- -- 
|R |E |G |U |L |
 -- -- -- -- -- 
|A |R |E |X |P |
 -- -- -- -- -- 
|R |E |S |S |I |
 -- -- -- -- -- 
|O |N |O |F |T |
 -- -- -- -- -- 
|H |E |D |A |Y |
 -- -- -- -- -- 
