found 1 solution(s) (there are no other solutions):

 -- -- -- -- -- -- 
|A |L |A |S |, |  |
 -- -- -- -- -- -- 
|P |O |O |R |  |Y |
 -- -- -- -- -- -- 
|O |R |I |C |K |! |
 -- -- -- -- -- -- 
|  |. |. |. |  |A |
 -- -- -- -- -- -- 
|  |F |E |L |L |O |
 -- -- -- -- -- -- 
|W |  |O |F |  |I |
 -- -- -- -- -- -- 
|N |F |I |N |I |T |
 -- -- -- -- -- -- 
|E |  |J |E |S |T |
 -- -- -- -- -- -- 
