found 1 solution(s) (there are no other solutions):

 -- -- -- -- -- -- -- 
|T |O |O |  |M |U |C |
 -- -- -- -- -- -- -- 
|H |  |O |F |  |W |A |
 -- -- -- -- -- -- -- 
|T |E |R |  |H |A |S |
 -- -- -- -- -- -- -- 
|T |  |T |H |O |U |, |
 -- -- -- -- -- -- -- 
|  |P |O |O |R |  |O |
 -- -- -- -- -- -- -- 
|P |H |E |L |I |A |! |
 -- -- -- -- -- -- -- 
