found 1 solution(s) (there are no other solutions):

 -- -- -- -- -- -- -- 
|H |E |  |P |O |I |S |
 -- -- -- -- -- -- -- 
|O |N |S |  |H |I |M |
 -- -- -- -- -- -- -- 
|  |I |' |  |T |H |E |
 -- -- -- -- -- -- -- 
|  |G |A |R |D |E |N |
 -- -- -- -- -- -- -- 
