found 1 solution(s) (there are no other solutions):

 -- -- -- -- -- -- -- 
|T |O |  |B |E |, |  |
 -- -- -- -- -- -- -- 
|O |R |  |N |O |T |  |
 -- -- -- -- -- -- -- 
|T |O |  |B |E |, |  |
 -- -- -- -- -- -- -- 
|T |H |A |T |  |I |S |
 -- -- -- -- -- -- -- 
|  |T |H |E |  |Q |U |
 -- -- -- -- -- -- -- 
|E |S |T |I |O |N |  |
 -- -- -- -- -- -- -- 
