found 1 solution(s) (there are no other solutions):

       / \ / \ / \ / \       
      | S |   | E |   |      
     / \ / \ / \ / \ / \     
    | A | S | V | T | L |    
   / \ / \ / \ / \ / \ / \   
  | " | O | E | T | " | L |  
 / \ / \ / \ / \ / \ / \ / \ 
| B |   | S | = |   |   |   |
 \ / \ / \ / \ / \ / \ / \ / 
  | Y | S | O | E | I | Y |  
   \ / \ / \ / \ / \ / \ /   
    | V | T | T | E | M |    
     \ / \ / \ / \ / \ /     
      | F | R |   | A |      
       \ / \ / \ / \ /       
