found 1 solution(s) (there are no other solutions):

     / \ / \ / \     
    | S | E | S |    
   / \ / \ / \ / \   
  | A | " | E | D |  
 / \ / \ / \ / \ / \ 
| . | B | . | B |   |
 \ / \ / \ / \ / \ / 
  | I |   | D | " |  
   \ / \ / \ / \ /   
    | R | . | N |    
     \ / \ / \ /     
