found 1 solution(s) (there are no other solutions):

 -- -- -- 
|F |O |R |
 -- -- -- 
|T |Y |- |
 -- -- -- 
|T |W |O |
 -- -- -- 
