found 1 solution(s) (there are no other solutions):

 -- -- -- -- 
|T |U |R |N |
 -- -- -- -- 
|O |F |F |A |
 -- -- -- -- 
|N |D |O |N |
 -- -- -- -- 
