found 1 solution(s) (there are no other solutions):

 -- -- -- 
|D |O |N |
 -- -- -- 
|T |P |A |
 -- -- -- 
|N |I |C |
 -- -- -- 
