found 1 solution(s) (there are no other solutions):

 -- -- 
|W |A |
 -- -- 
|L |K |
 -- -- 
|E |R |
 -- -- 
