found 1 solution(s) (there are no other solutions):

 -- -- -- 
|G |E |L |
 -- -- -- 
|E |Y |E |
 -- -- -- 
|L |E |G |
 -- -- -- 
