found 1 solution(s) (there are no other solutions):

 -- -- -- -- 
|T |R |A |P |
 -- -- -- -- 
|R |A |J |A |
 -- -- -- -- 
|A |J |A |R |
 -- -- -- -- 
|P |A |R |T |
 -- -- -- -- 
