found 1 solution(s) (there are no other solutions):

 -- -- -- -- -- -- -- -- -- 
|  |  |  |  |  |  |[ |[ |  |
 -- -- -- -- -- -- -- -- -- 
|  |  |  |  |  |  |O |M |  |
 -- -- -- -- -- -- -- -- -- 
|  |  |  |  |  |  |G |! |  |
 -- -- -- -- -- -- -- -- -- 
|  |  |  |  |  |  |] |] |  |
 -- -- -- -- -- -- -- -- -- 
|  |  |  |  |  |  |+ |+ |  |
 -- -- -- -- -- -- -- -- -- 
|  |  |  |  |  |/ |- |- |\ |
 -- -- -- -- -- -- -- -- -- 
|[ |O |M |] |+ || |O |M || |
 -- -- -- -- -- -- -- -- -- 
|[ |G |! |] |+ || |G |! || |
 -- -- -- -- -- -- -- -- -- 
|  |  |  |  |  |\ |- |- |/ |
 -- -- -- -- -- -- -- -- -- 
