found 1 solution(s) (there are no other solutions):

 -- -- -- -- 
|T |H |E |  |
 -- -- -- -- 
|K |O |O |L |
 -- -- -- -- 
|- |A |I |D |
 -- -- -- -- 
|M |A |N |! |
 -- -- -- -- 
