found 1 solution(s) (there are no other solutions):

       / \ / \ / \ / \       
      | D | O | N | O |      
     / \ / \ / \ / \ / \     
    | T | U | N | D | E |    
   / \ / \ / \ / \ / \ / \   
  | R | E | S | T | I | M |  
 / \ / \ / \ / \ / \ / \ / \ 
| A | T | E | T | H | E | P |
 \ / \ / \ / \ / \ / \ / \ / 
  | O | W | E | R | O | F |  
   \ / \ / \ / \ / \ / \ /   
    | T | H | E | F | O |    
     \ / \ / \ / \ / \ /     
      | R | C | E | ! |      
       \ / \ / \ / \ /       
