found 1 solution(s) (there are no other solutions):

 -- -- -- -- -- -- 
|A |L |L |  |I |N |
 -- -- -- -- -- -- 
|F |O |R |M |A |T |
 -- -- -- -- -- -- 
|I |O |N |  |S |H |
 -- -- -- -- -- -- 
|O |U |L |D |  |B |
 -- -- -- -- -- -- 
|E |* |F |R |E |E |
 -- -- -- -- -- -- 
