found 1 solution(s) (there are no other solutions):

 -- -- -- -- 
|6 |. |8 |6 |
 -- -- -- -- 
|. |  |  |. |
 -- -- -- -- 
|8 |  |  |8 |
 -- -- -- -- 
|6 |. |8 |6 |
 -- -- -- -- 
