found 1 solution(s) (there are no other solutions):

 -- -- -- -- -- -- 
|D |O |, |  |O |R |
 -- -- -- -- -- -- 
|D |O |  |N |O |T |
 -- -- -- -- -- -- 
|. |  |T |H |E |R |
 -- -- -- -- -- -- 
|E |  |I |S |  |N |
 -- -- -- -- -- -- 
|O |  |T |R |Y |. |
 -- -- -- -- -- -- 
