found 1 solution(s) (there are no other solutions):

 -- -- -- -- -- 
|A |D |M |I |R |
 -- -- -- -- -- 
|A |L |  |A |C |
 -- -- -- -- -- 
|K |B |A |R |  |
 -- -- -- -- -- 
