found 1 solution(s) (there are no other solutions):

 -- -- -- -- -- 
|O |N |E |  |F |
 -- -- -- -- -- 
|I |S |  |T |W |
 -- -- -- -- -- 
|O |  |F |I |S |
 -- -- -- -- -- 
|H |  |R |E |D |
 -- -- -- -- -- 
|  |F |I |S |H |
 -- -- -- -- -- 
|  |B |L |U |E |
 -- -- -- -- -- 
|  |F |I |S |H |
 -- -- -- -- -- 
