found 1 solution(s) (there are no other solutions):

 -- -- -- -- -- 
|3 |/ |6 |/ |* |
 -- -- -- -- -- 
|8 |/ |1 |6 |\ |
 -- -- -- -- -- 
|4 |0 |4 |\ |? |
 -- -- -- -- -- 
|\ |\ |4 |/ |/ |
 -- -- -- -- -- 
|^ |\ |D |: |) |
 -- -- -- -- -- 
