found 1 solution(s) (there are no other solutions):

 -- -- -- -- -- -- 
|E || |P |S |I |> |
 -- -- -- -- -- -- 
|= |[ |P |^ |2 |/ |
 -- -- -- -- -- -- 
|( |2 |M |) |+ |V |
 -- -- -- -- -- -- 
|( |X |, |T |) |] |
 -- -- -- -- -- -- 
|| |P |S |I |> |  |
 -- -- -- -- -- -- 
