found 1 solution(s) (there are no other solutions):

 -- -- -- -- -- 
|M |R |C |I |M |
 -- -- -- -- -- 
|E |Y |H |S |A |
 -- -- -- -- -- 
|R |  |R |T |S |
 -- -- -- -- -- 
