found 1 solution(s) (there are no other solutions):

 -- -- -- 
|B |E |T |
 -- -- -- 
|E |A |R |
 -- -- -- 
|A |T |Y |
 -- -- -- 
