found 1 solution(s) (there are no other solutions):

 -- -- -- -- -- -- -- -- -- -- -- 
|  |  |  |A |_ |_ |_ |A |  |  |  |
 -- -- -- -- -- -- -- -- -- -- -- 
|  |  |/ |_ |( |O |) |_ |\ |  |  |
 -- -- -- -- -- -- -- -- -- -- -- 
|  |  |/ |# |# |# |# |# |\ |  |  |
 -- -- -- -- -- -- -- -- -- -- -- 
|/ |( |O |> |- |- |- |< |0 |) |\ |
 -- -- -- -- -- -- -- -- -- -- -- 
|( || |. || |. || |. || |. || |) |
 -- -- -- -- -- -- -- -- -- -- -- 
|( || |. || |. || |. || |. || |) |
 -- -- -- -- -- -- -- -- -- -- -- 
|( || |. || |. || |. || |. || |) |
 -- -- -- -- -- -- -- -- -- -- -- 
|( || |. || |. || |. || |. || |) |
 -- -- -- -- -- -- -- -- -- -- -- 
|| |¯ |¯ |¯ |¯ |¯ |¯ |¯ |¯ |¯ || |
 -- -- -- -- -- -- -- -- -- -- -- 
|  |¯ |¯ |¯ |¯ |¯ |¯ |¯ |¯ |¯ |  |
 -- -- -- -- -- -- -- -- -- -- -- 
