found 1 solution(s) (there are no other solutions):

 -- -- -- -- -- 
|T |R |A |N |7 |
 -- -- -- -- -- 
|2 |4 |L |? |  |
 -- -- -- -- -- 
|A |M |5 |$ |L |
 -- -- -- -- -- 
|- |W |E |3 |O |
 -- -- -- -- -- 
|D |E |F |F |? |
 -- -- -- -- -- 
