found 1 solution(s) (there are no other solutions):

 -- -- -- -- 
|M |? |B |O |
 -- -- -- -- 
|S |N |U |O |
 -- -- -- -- 
|? |P |Y |O |
 -- -- -- -- 
