found 1 solution(s) (there are no other solutions):

 -- -- -- 
|M |0 |Y |
 -- -- -- 
|P |. |H |
 -- -- -- 
|P |\ |2 |
 -- -- -- 
